src/config/postgres.ts(1,10): error TS2305: Module '"@prisma/client"' has no exported member 'PrismaClient'.
src/controllers/attendanceController.ts(10,13): error TS2561: Object literal may only specify known properties, but 'userId' does not exist in type '(Without<AttendanceCreateInput, AttendanceUncheckedCreateInput> & AttendanceUncheckedCreateInput) | (Without<...> & AttendanceCreateInput)'. Did you mean to write 'user'?
src/controllers/attendanceController.ts(19,14): error TS2561: Object literal may only specify known properties, but 'userId' does not exist in type 'AttendanceWhereInput'. Did you mean to write 'user'?
src/controllers/attendanceController.ts(28,67): error TS2561: Object literal may only specify known properties, but 'userId' does not exist in type 'AttendanceWhereInput'. Did you mean to write 'user'?
src/controllers/attendanceController.ts(100,67): error TS2561: Object literal may only specify known properties, but 'userId' does not exist in type 'AttendanceWhereInput'. Did you mean to write 'user'?
src/controllers/branchController.ts(15,7): error TS2353: Object literal may only specify known properties, and 'additionalDepts' does not exist in type 'BranchInclude<DefaultArgs>'.
src/controllers/branchController.ts(37,7): error TS2353: Object literal may only specify known properties, and 'additionalDepts' does not exist in type 'BranchInclude<DefaultArgs>'.
src/controllers/branchController.ts(57,7): error TS2353: Object literal may only specify known properties, and 'state' does not exist in type '(Without<BranchCreateInput, BranchUncheckedCreateInput> & BranchUncheckedCreateInput) | (Without<...> & BranchCreateInput)'.
src/controllers/branchController.ts(113,7): error TS2561: Object literal may only specify known properties, but 'additionalDepts' does not exist in type '(Without<BranchUpdateInput, BranchUncheckedUpdateInput> & BranchUncheckedUpdateInput) | (Without<...> & BranchUpdateInput)'. Did you mean to write 'additionalDeptIds'?
src/controllers/branchController.ts(117,16): error TS2353: Object literal may only specify known properties, and 'additionalDepts' does not exist in type 'BranchInclude<DefaultArgs>'.
src/controllers/branchController.ts(127,7): error TS2561: Object literal may only specify known properties, but 'additionalDepts' does not exist in type '(Without<BranchUpdateInput, BranchUncheckedUpdateInput> & BranchUncheckedUpdateInput) | (Without<...> & BranchUpdateInput)'. Did you mean to write 'additionalDeptIds'?
src/controllers/branchController.ts(131,16): error TS2353: Object literal may only specify known properties, and 'additionalDepts' does not exist in type 'BranchInclude<DefaultArgs>'.
src/controllers/branchController.ts(139,55): error TS2353: Object literal may only specify known properties, and 'additionalDepts' does not exist in type 'BranchInclude<DefaultArgs>'.
src/controllers/ceoController.ts(34,112): error TS2322: Type '"dept_admin"' is not assignable to type 'UserRole'.
src/controllers/credentialController.ts(9,16): error TS2353: Object literal may only specify known properties, and 'requester' does not exist in type 'CredentialRequestInclude<DefaultArgs>'.
src/controllers/departmentController.ts(200,18): error TS2339: Property 'assistantManagerIds' does not exist on type '{ name: string; id: string; status: string; createdAt: Date; updatedAt: Date; organizationId: string; type: DepartmentType; subType: DepartmentSubType | null; parentDepartmentId: string | null; managerId: string | null; features: JsonValue; permissions: JsonValue; }'.
src/controllers/departmentController.ts(208,7): error TS2561: Object literal may only specify known properties, but 'assistantManagerIds' does not exist in type '(Without<DepartmentUpdateInput, DepartmentUncheckedUpdateInput> & DepartmentUncheckedUpdateInput) | (Without<...> & DepartmentUpdateInput)'. Did you mean to write 'assistantManagers'?
src/controllers/departmentController.ts(239,7): error TS2561: Object literal may only specify known properties, but 'assistantManagerIds' does not exist in type '(Without<DepartmentUpdateInput, DepartmentUncheckedUpdateInput> & DepartmentUncheckedUpdateInput) | (Without<...> & DepartmentUpdateInput)'. Did you mean to write 'assistantManagers'?
src/controllers/departmentController.ts(240,25): error TS2339: Property 'assistantManagerIds' does not exist on type '{ name: string; id: string; status: string; createdAt: Date; updatedAt: Date; organizationId: string; type: DepartmentType; subType: DepartmentSubType | null; parentDepartmentId: string | null; managerId: string | null; features: JsonValue; permissions: JsonValue; }'.
src/controllers/departmentController.ts(240,52): error TS7006: Parameter 'id' implicitly has an 'any' type.
src/controllers/departmentController.ts(338,11): error TS2561: Object literal may only specify known properties, but 'assistantManagerIds' does not exist in type 'DepartmentWhereInput'. Did you mean to write 'assistantManagers'?
src/controllers/enrollmentReviewController.ts(7,170): error TS2353: Object literal may only specify known properties, and 'center' does not exist in type 'EnrollmentInclude<DefaultArgs>'.
src/controllers/enrollmentReviewController.ts(12,166): error TS2353: Object literal may only specify known properties, and 'center' does not exist in type 'EnrollmentInclude<DefaultArgs>'.
src/controllers/enrollmentReviewController.ts(17,126): error TS2353: Object literal may only specify known properties, and 'deptReviewedBy' does not exist in type '(Without<EnrollmentUpdateInput, EnrollmentUncheckedUpdateInput> & EnrollmentUncheckedUpdateInput) | (Without<...> & EnrollmentUpdateInput)'.
src/controllers/enrollmentReviewController.ts(22,120): error TS2353: Object literal may only specify known properties, and 'deptReviewedBy' does not exist in type '(Without<EnrollmentUpdateInput, EnrollmentUncheckedUpdateInput> & EnrollmentUncheckedUpdateInput) | (Without<...> & EnrollmentUpdateInput)'.
src/controllers/escalationController.ts(10,16): error TS2353: Object literal may only specify known properties, and 'createdAt' does not exist in type 'EscalationOrderByWithRelationInput | EscalationOrderByWithRelationInput[]'.
src/controllers/escalationController.ts(36,144): error TS2561: Object literal may only specify known properties, but 'resolvedById' does not exist in type '(Without<EscalationUpdateInput, EscalationUncheckedUpdateInput> & EscalationUncheckedUpdateInput) | (Without<...> & EscalationUpdateInput)'. Did you mean to write 'resolvedBy'?
src/controllers/finalControllers.ts(42,34): error TS2339: Property 'programMaterial' does not exist on type 'PrismaClient<{ adapter: any; log: ("warn" | "error")[]; }, "warn" | "error", DefaultArgs>'.
src/controllers/financeEnrollmentController.ts(11,7): error TS2353: Object literal may only specify known properties, and 'center' does not exist in type 'EnrollmentInclude<DefaultArgs>'.
src/controllers/financeEnrollmentController.ts(21,31): error TS2353: Object literal may only specify known properties, and 'center' does not exist in type 'EnrollmentInclude<DefaultArgs>'.
src/controllers/hrController.ts(60,7): error TS2353: Object literal may only specify known properties, and 'statusRemarks' does not exist in type '(Without<LeaveRequestUpdateInput, LeaveRequestUncheckedUpdateInput> & LeaveRequestUncheckedUpdateInput) | (Without<...> & LeaveRequestUpdateInput)'.
src/controllers/hrController.ts(73,64): error TS2561: Object literal may only specify known properties, but 'userId' does not exist in type 'LeaveRequestWhereInput'. Did you mean to write 'user'?
src/controllers/notificationController.ts(32,37): error TS2322: Type 'string' is not assignable to type 'NotificationType | undefined'.
src/controllers/notificationController.ts(38,30): error TS2322: Type '{ in: string[]; }' is not assignable to type 'UserRole | EnumUserRoleFilter<"User"> | undefined'.
  Types of property 'in' are incompatible.
    Type 'string[]' is not assignable to type 'UserRole[] | FieldRef<"User", "UserRole[]"> | undefined'.
      Type 'string[]' is not assignable to type 'UserRole[]'.
        Type 'string' is not assignable to type 'UserRole'.
src/controllers/notificationController.ts(41,49): error TS2322: Type '{ organizationId: string; userId: string; type: string; title: string; message: string; read: boolean; }[]' is not assignable to type 'NotificationCreateManyInput | NotificationCreateManyInput[]'.
  Type '{ organizationId: string; userId: string; type: string; title: string; message: string; read: boolean; }[]' is not assignable to type 'NotificationCreateManyInput[]'.
    Type '{ organizationId: string; userId: string; type: string; title: string; message: string; read: boolean; }' is not assignable to type 'NotificationCreateManyInput'.
      Types of property 'type' are incompatible.
        Type 'string' is not assignable to type 'NotificationType | undefined'.
src/controllers/operationsController.ts(175,74): error TS2353: Object literal may only specify known properties, and 'studyCenterId' does not exist in type 'ProgramAllocationWhereInput'.
src/controllers/orgAdminController.ts(12,117): error TS2353: Object literal may only specify known properties, and 'assignedUser' does not exist in type 'CeoPanelInclude<DefaultArgs>'.
src/controllers/orgAdminController.ts(59,7): error TS2353: Object literal may only specify known properties, and 'users' does not exist in type 'DesignationInclude<DefaultArgs>'.
src/controllers/orgAdminController.ts(81,17): error TS2339: Property 'users' does not exist on type '{ id: string; status: string; createdAt: Date; updatedAt: Date; organizationId: string; subDepartmentId: string | null; departmentId: string | null; title: string; branchId: string | null; level: number; parentDesignationId: string | null; maxHeadcount: number; }'.
src/controllers/orgAdminController.ts(82,17): error TS2551: Property 'branch' does not exist on type '{ id: string; status: string; createdAt: Date; updatedAt: Date; organizationId: string; subDepartmentId: string | null; departmentId: string | null; title: string; branchId: string | null; level: number; parentDesignationId: string | null; maxHeadcount: number; }'. Did you mean 'branchId'?
src/controllers/orgAdminController.ts(83,28): error TS2551: Property 'parentDesignation' does not exist on type '{ id: string; status: string; createdAt: Date; updatedAt: Date; organizationId: string; subDepartmentId: string | null; departmentId: string | null; title: string; branchId: string | null; level: number; parentDesignationId: string | null; maxHeadcount: number; }'. Did you mean 'parentDesignationId'?
src/controllers/orgAdminController.ts(84,21): error TS2551: Property 'department' does not exist on type '{ id: string; status: string; createdAt: Date; updatedAt: Date; organizationId: string; subDepartmentId: string | null; departmentId: string | null; title: string; branchId: string | null; level: number; parentDesignationId: string | null; maxHeadcount: number; }'. Did you mean 'departmentId'?
src/controllers/orgAdminController.ts(85,24): error TS2551: Property 'subDepartment' does not exist on type '{ id: string; status: string; createdAt: Date; updatedAt: Date; organizationId: string; subDepartmentId: string | null; departmentId: string | null; title: string; branchId: string | null; level: number; parentDesignationId: string | null; maxHeadcount: number; }'. Did you mean 'subDepartmentId'?
src/controllers/orgAdminController.ts(103,83): error TS2561: Object literal may only specify known properties, but 'designationId' does not exist in type '(Without<UserUpdateInput, UserUncheckedUpdateInput> & UserUncheckedUpdateInput) | (Without<...> & UserUpdateInput)'. Did you mean to write 'designation'?
src/controllers/orgAdminController.ts(107,83): error TS2561: Object literal may only specify known properties, but 'designationId' does not exist in type '(Without<UserUpdateInput, UserUncheckedUpdateInput> & UserUncheckedUpdateInput) | (Without<...> & UserUpdateInput)'. Did you mean to write 'designation'?
src/controllers/payrollController.ts(80,7): error TS2353: Object literal may only specify known properties, and 'batchNumber' does not exist in type '(Without<PayrollBatchCreateInput, PayrollBatchUncheckedCreateInput> & PayrollBatchUncheckedCreateInput) | (Without<...> & PayrollBatchCreateInput)'.
src/controllers/pollController.ts(28,7): error TS2353: Object literal may only specify known properties, and 'expiresAt' does not exist in type '(Without<PollCreateInput, PollUncheckedCreateInput> & PollUncheckedCreateInput) | (Without<...> & PollCreateInput)'.
src/controllers/pollController.ts(58,22): error TS2339: Property 'isActive' does not exist on type '{ id: string; status: string; createdAt: Date; updatedAt: Date; organizationId: string; createdBy: string; question: string; options: JsonValue; results: JsonValue; }'.
src/controllers/pollController.ts(69,16): error TS2339: Property 'allowMultiple' does not exist on type '{ id: string; status: string; createdAt: Date; updatedAt: Date; organizationId: string; createdBy: string; question: string; options: JsonValue; results: JsonValue; }'.
src/controllers/programMaterialController.ts(7,34): error TS2339: Property 'programMaterial' does not exist on type 'PrismaClient<{ adapter: any; log: ("warn" | "error")[]; }, "warn" | "error", DefaultArgs>'.
src/controllers/programMaterialController.ts(20,33): error TS2339: Property 'programMaterial' does not exist on type 'PrismaClient<{ adapter: any; log: ("warn" | "error")[]; }, "warn" | "error", DefaultArgs>'.
src/controllers/programMaterialController.ts(27,33): error TS2339: Property 'programMaterial' does not exist on type 'PrismaClient<{ adapter: any; log: ("warn" | "error")[]; }, "warn" | "error", DefaultArgs>'.
src/controllers/programMaterialController.ts(32,16): error TS2339: Property 'programMaterial' does not exist on type 'PrismaClient<{ adapter: any; log: ("warn" | "error")[]; }, "warn" | "error", DefaultArgs>'.
src/controllers/referralController.ts(10,75): error TS2353: Object literal may only specify known properties, and 'employeeName' does not exist in type '(Without<ReferralLinkCreateInput, ReferralLinkUncheckedCreateInput> & ReferralLinkUncheckedCreateInput) | (Without<...> & ReferralLinkCreateInput)'.
src/controllers/referralController.ts(26,89): error TS2353: Object literal may only specify known properties, and 'status' does not exist in type '(Without<ReferralLinkUpdateInput, ReferralLinkUncheckedUpdateInput> & ReferralLinkUncheckedUpdateInput) | (Without<...> & ReferralLinkUpdateInput)'.
src/controllers/referralController.ts(31,105): error TS2561: Object literal may only specify known properties, but 'referredById' does not exist in type 'StudyCenterWhereInput'. Did you mean to write 'referredBy'?
src/controllers/referralController.ts(44,64): error TS2353: Object literal may only specify known properties, and 'slug' does not exist in type 'ReferralLinkWhereUniqueInput'.
src/controllers/reregController.ts(13,5): error TS2322: Type '{ organizationId: any; }' is not assignable to type 'ReregRuleWhereUniqueInput'.
  Type '{ organizationId: any; }' is not assignable to type '{ id: string; } & { id?: string | undefined; AND?: ReregRuleWhereInput | ReregRuleWhereInput[] | undefined; OR?: ReregRuleWhereInput[] | undefined; ... 8 more ...; program?: (Without<...> & ProgramWhereInput) | ... 1 more ... | undefined; }'.
    Property 'id' is missing in type '{ organizationId: any; }' but required in type '{ id: string; }'.
src/controllers/reregController.ts(21,32): error TS2339: Property 'reregistration' does not exist on type 'PrismaClient<{ adapter: any; log: ("warn" | "error")[]; }, "warn" | "error", DefaultArgs>'.
src/controllers/reregController.ts(26,34): error TS2339: Property 'reregistration' does not exist on type 'PrismaClient<{ adapter: any; log: ("warn" | "error")[]; }, "warn" | "error", DefaultArgs>'.
src/controllers/reregController.ts(31,30): error TS2339: Property 'reregistration' does not exist on type 'PrismaClient<{ adapter: any; log: ("warn" | "error")[]; }, "warn" | "error", DefaultArgs>'.
src/controllers/salaryController.ts(62,14): error TS2353: Object literal may only specify known properties, and 'organizationId_userId_year' does not exist in type 'LeaveAllocationWhereUniqueInput'.
src/controllers/salaryController.ts(70,14): error TS2353: Object literal may only specify known properties, and 'organizationId_userId_year' does not exist in type 'LeaveAllocationWhereUniqueInput'.
src/controllers/salaryController.ts(83,16): error TS2353: Object literal may only specify known properties, and 'organizationId_userId_year' does not exist in type 'LeaveAllocationWhereUniqueInput'.
src/controllers/salesEnrollmentController.ts(236,41): error TS7006: Parameter 'e' implicitly has an 'any' type.
src/controllers/salesEnrollmentController.ts(237,40): error TS7006: Parameter 'e' implicitly has an 'any' type.
src/controllers/salesEnrollmentController.ts(238,34): error TS7006: Parameter 'e' implicitly has an 'any' type.
src/controllers/salesEnrollmentController.ts(239,38): error TS7006: Parameter 'e' implicitly has an 'any' type.
src/controllers/salesEnrollmentController.ts(240,34): error TS7006: Parameter 'e' implicitly has an 'any' type.
src/controllers/secondaryControllers.ts(10,16): error TS2353: Object literal may only specify known properties, and 'createdAt' does not exist in type 'EscalationOrderByWithRelationInput | EscalationOrderByWithRelationInput[]'.
src/controllers/secondaryControllers.ts(51,7): error TS2353: Object literal may only specify known properties, and 'center' does not exist in type 'EnrollmentInclude<DefaultArgs>'.
src/controllers/sessionRequestController.ts(27,121): error TS2353: Object literal may only specify known properties, and 'rejectionReason' does not exist in type '(Without<SessionRequestUpdateInput, SessionRequestUncheckedUpdateInput> & SessionRequestUncheckedUpdateInput) | (Without<...> & SessionRequestUpdateInput)'.
src/controllers/subDepartmentController.ts(30,7): error TS2353: Object literal may only specify known properties, and 'organizationId_parentDeptId_name' does not exist in type 'SubDepartmentWhereUniqueInput'.
src/controllers/subDepartmentController.ts(49,7): error TS2353: Object literal may only specify known properties, and 'createdBy' does not exist in type 'Without<SubDepartmentCreateInput, SubDepartmentUncheckedCreateInput> & SubDepartmentUncheckedCreateInput'.
src/controllers/subDepartmentController.ts(83,7): error TS2353: Object literal may only specify known properties, and 'manager' does not exist in type 'SubDepartmentInclude<DefaultArgs>'.
src/controllers/subDepartmentController.ts(106,7): error TS2353: Object literal may only specify known properties, and 'manager' does not exist in type 'SubDepartmentInclude<DefaultArgs>'.
src/controllers/subDepartmentController.ts(209,7): error TS2353: Object literal may only specify known properties, and 'manager' does not exist in type 'SubDepartmentInclude<DefaultArgs>'.
src/controllers/subDepartmentController.ts(225,15): error TS2339: Property 'studyCenters' does not exist on type '{ name: string; id: string; status: string; createdAt: Date; updatedAt: Date; organizationId: string; type: string; managerId: string | null; features: JsonValue; parentDeptId: string; }'.
src/controllers/subDepartmentController.ts(225,39): error TS2339: Property 'studyCenters' does not exist on type '{ name: string; id: string; status: string; createdAt: Date; updatedAt: Date; organizationId: string; type: string; managerId: string | null; features: JsonValue; parentDeptId: string; }'.
src/controllers/subDepartmentController.ts(226,31): error TS2339: Property 'studyCenters' does not exist on type '{ name: string; id: string; status: string; createdAt: Date; updatedAt: Date; organizationId: string; type: string; managerId: string | null; features: JsonValue; parentDeptId: string; }'.
src/controllers/subDepartmentController.ts(226,48): error TS7006: Parameter 'c' implicitly has an 'any' type.
src/controllers/taskController.ts(14,7): error TS2353: Object literal may only specify known properties, and 'creator' does not exist in type 'TaskInclude<DefaultArgs>'.
src/controllers/taskController.ts(27,7): error TS2353: Object literal may only specify known properties, and 'creator' does not exist in type 'TaskInclude<DefaultArgs>'.
src/controllers/taskController.ts(47,7): error TS2322: Type 'Date | null' is not assignable to type 'string | Date'.
  Type 'null' is not assignable to type 'string | Date'.
src/controllers/universityStudentsController.ts(68,23): error TS7006: Parameter 'e' implicitly has an 'any' type.
src/controllers/walletTopUpController.ts(14,7): error TS2353: Object literal may only specify known properties, and 'center' does not exist in type 'WalletTopUpInclude<DefaultArgs>'.
